<html>
<body>
<pre>
<h1>µVision Build Log</h1>
<h2>Project:</h2>
D:\Mahmoud\Work & Studies\3rd year computer\Tests\Project\Connect4\Connect4.uvproj
Project File Date:  05/11/2017

<h2>Output:</h2>
Rebuild target 'Connect4'
assembling startup.s...
compiling Nokia5110.c...
assembling random.s...
compiling TExaS.c...
compiling Connect4.c...
Connect4.c(812): warning:  #9-D: nested comment is not allowed
  //*/
Connect4.c: 1 warning, 0 errors
linking...
Program Size: Code=8934 RO-data=2106 RW-data=116 ZI-data=1940  
".\SpaceInvaders.axf" - 0 Error(s), 1 Warning(s).
Load "D:\\Mahmoud\\Work & Studies\\3rd year computer\\Tests\\Project\\Connect4\\SpaceInvaders.axf" 
Connecting: Mode=JTAG, Speed=1000000Hz
Erase Done.
Programming Done.
Verify OK.
er\\Tests\\Project\\Connect4\\SpaceInvaders.axf" 
Connecting: Mode=JTAG, Speed=1000000Hz
Erase Done.
Programming Done.
Verify OK.
may not appear after executable statement in block
          int winningtemp = winning();
Connect4.c: 3 warnings, 3 errors
".\SpaceInvaders.axf" - 3 Error(s), 3 Warning(s).
Target not created
 error:  #29: expected an expression
      for(int column = 1 ; column <= 7 ; column++)
Connect4.c(359): error:  #29: expected an expression
          for(int column = 1 ; column <= 7 ; column ++)
Connect4.c(486): error:  #268: declaration may not appear after executable statement in block
          int winningtemp = winning();
Connect4.c: 3 warnings, 7 errors
".\SpaceInvaders.axf" - 7 Error(s), 3 Warning(s).
Target not created
