<html>
<body>
<pre>
<h1>µVision Build Log</h1>
<h2>Project:</h2>
D:\Mahmoud\Work & Studies\3rd year computer\Tests\Project\Connect4\Connect4.uvproj
Project File Date:  05/11/2017

<h2>Output:</h2>
Rebuild target 'Connect4'
assembling startup.s...
compiling Nokia5110.c...
assembling random.s...
compiling TExaS.c...
compiling Connect4.c...
Connect4.c(626): warning:  #9-D: nested comment is not allowed
  //*/
Connect4.c: 1 warning, 0 errors
linking...
Program Size: Code=5068 RO-data=2096 RW-data=112 ZI-data=1896  
".\SpaceInvaders.axf" - 0 Error(s), 1 Warning(s).
Load "D:\\Mahmoud\\Work & Studies\\3rd year computer\\Tests\\Project\\Connect4\\SpaceInvaders.axf" 
Connecting: Mode=JTAG, Speed=1000000Hz
Erase Done.
Programming Done.
Verify OK.
Load "D:\\Mahmoud\\Work & Studies\\3rd year computer\\Tests\\Project\\Connect4\\SpaceInvaders.axf" 
Connecting: Mode=JTAG, Speed=1000000Hz
Erase Done.
Programming Done.
Verify OK.
</pre>
</body>
</html>
d!, error code=&d
Error: Flash Download failed  -  Target DLL has been cancelled
Load "D:\\Mahmoud\\Work & Studies\\3rd year computer\\Tests\\Project\\Connect4\\SpaceInvaders.axf" 
Connecting: Mode=JTAG, Speed=1000000Hz
Connection failed!, error code=&d
Error: Flash Download failed  -  Target DLL has been cancelled
Load "D:\\Mahmoud\\Work & Studies\\3rd year computer\\Tests\\Project\\Connect4\\SpaceInvaders.axf" 
Connecting: Mode=JTAG, Speed=1000000Hz
Erase Done.
Programming Done.
Verify OK.
